<html>
<body>
<pre>
<h1>µVision Build Log</h1>
<h2>Project:</h2>
D:\Cecy\STM32\STM32-Aulas\MDK-ARM\STM32_Aulas.uvproj
Project File Date:  08/15/2021

<h2>Output:</h2>
Build target 'STM32_Aulas'
assembling startup_stm32f103xb.s...
compiling Aula_1_Led.c...
compiling main.c...
compiling gpio.c...
compiling stm32f1xx_it.c...
compiling stm32f1xx_hal_msp.c...
compiling stm32f1xx_hal_gpio_ex.c...
compiling stm32f1xx_hal_tim.c...
compiling stm32f1xx_hal_tim_ex.c...
compiling stm32f1xx_hal.c...
compiling stm32f1xx_hal_rcc.c...
compiling stm32f1xx_hal_rcc_ex.c...
compiling stm32f1xx_hal_gpio.c...
compiling stm32f1xx_hal_dma.c...
compiling stm32f1xx_hal_cortex.c...
compiling stm32f1xx_hal_pwr.c...
compiling stm32f1xx_hal_flash.c...
compiling stm32f1xx_hal_flash_ex.c...
compiling system_stm32f1xx.c...
linking...
Program Size: Code=2756 RO-data=284 RW-data=16 ZI-data=1024  
FromELF: creating hex file...
"STM32_Aulas\STM32_Aulas.axf" - 0 Error(s), 0 Warning(s).
