<html>
<body>
<pre>
<h1>µVision Build Log</h1>
<h2>Project:</h2>
D:\Cecy\STM32\STM32-Aulas\MDK-ARM\STM32_Aulas.uvproj
Project File Date:  08/19/2021

<h2>Output:</h2>
Build target 'STM32_Aulas'
assembling startup_stm32f103xb.s...
compiling main.c...
compiling gpio.c...
compiling i2c.c...
compiling stm32f1xx_it.c...
compiling stm32f1xx_hal_msp.c...
compiling Aula_2_Display.c...
compiling Oled_HAL_I2C.c...
compiling stm32f1xx_hal_gpio_ex.c...
compiling stm32f1xx_hal_i2c.c...
compiling stm32f1xx_hal_tim.c...
compiling stm32f1xx_hal_tim_ex.c...
compiling stm32f1xx_hal.c...
compiling stm32f1xx_hal_rcc.c...
compiling stm32f1xx_hal_rcc_ex.c...
compiling stm32f1xx_hal_gpio.c...
compiling stm32f1xx_hal_dma.c...
compiling stm32f1xx_hal_cortex.c...
compiling stm32f1xx_hal_pwr.c...
compiling stm32f1xx_hal_flash.c...
compiling stm32f1xx_hal_flash_ex.c...
compiling system_stm32f1xx.c...
linking...
Program Size: Code=8576 RO-data=820 RW-data=24 ZI-data=3240  
FromELF: creating hex file...
"STM32_Aulas\STM32_Aulas.axf" - 0 Error(s), 0 Warning(s).
"D:\Cecy\STM32\STM32_Aulas_2021_2\Uart_Bootloader_STM32.exe" STM32_Aulas
DiegoASc
COM3
Apagando.
Escrevendo.
Gravado.
Build target 'STM32_Aulas'
compiling Aula_2_Display.c...
..\Src\Aula_2_Display.c(12): warning:  #223-D: function "Oled_Printf" declared implicitly
compiling Oled_HAL_I2C.c...
linking...
Program Size: Code=8696 RO-data=820 RW-data=24 ZI-data=3240  
FromELF: creating hex file...
"STM32_Aulas\STM32_Aulas.axf" - 0 Error(s), 1 Warning(s).
Build target 'STM32_Aulas'
compiling Aula_2_Display.c...
compiling Oled_HAL_I2C.c...
linking...
Program Size: Code=8696 RO-data=820 RW-data=24 ZI-data=3240  
FromELF: creating hex file...
"STM32_Aulas\STM32_Aulas.axf" - 0 Error(s), 0 Warning(s).
Build target 'STM32_Aulas'
compiling Oled_HAL_I2C.c...
linking...
Program Size: Code=8704 RO-data=820 RW-data=24 ZI-data=3240  
FromELF: creating hex file...
"STM32_Aulas\STM32_Aulas.axf" - 0 Error(s), 0 Warning(s).
Build target 'STM32_Aulas'
compiling Aula_2_Display.c...
linking...
Program Size: Code=8640 RO-data=820 RW-data=24 ZI-data=3240  
FromELF: creating hex file...
"STM32_Aulas\STM32_Aulas.axf" - 0 Error(s), 0 Warning(s).
"D:\Cecy\STM32\STM32_Aulas_2021_2\Uart_Bootloader_STM32.exe" STM32_Aulas
DiegoASc
COM3
Apagando.
Escrevendo.
Gravado.
"D:\Cecy\STM32\STM32_Aulas_2021_2\Uart_Bootloader_STM32.exe" STM32_Aulas
DiegoASc
COM3
Apagando.
Escrevendo.
Gravado.
Build target 'STM32_Aulas'
compiling Aula_2_Display.c...
linking...
Program Size: Code=8584 RO-data=820 RW-data=24 ZI-data=3240  
FromELF: creating hex file...
"STM32_Aulas\STM32_Aulas.axf" - 0 Error(s), 0 Warning(s).
"D:\Cecy\STM32\STM32_Aulas_2021_2\Uart_Bootloader_STM32.exe" STM32_Aulas
DiegoASc
COM3
Apagando.
Escrevendo.
Gravado.
Build target 'STM32_Aulas'
compiling Aula_2_Display.c...
linking...
Program Size: Code=8688 RO-data=820 RW-data=24 ZI-data=3240  
FromELF: creating hex file...
"STM32_Aulas\STM32_Aulas.axf" - 0 Error(s), 0 Warning(s).
"D:\Cecy\STM32\STM32_Aulas_2021_2\Uart_Bootloader_STM32.exe" STM32_Aulas
DiegoASc
COM3
Apagando.
Escrevendo.
Gravado.
Build target 'STM32_Aulas'
compiling Aula_2_Display.c...
linking...
Program Size: Code=8688 RO-data=820 RW-data=24 ZI-data=3240  
FromELF: creating hex file...
"STM32_Aulas\STM32_Aulas.axf" - 0 Error(s), 0 Warning(s).
"D:\Cecy\STM32\STM32_Aulas_2021_2\Uart_Bootloader_STM32.exe" STM32_Aulas
DiegoASc
COM3
Apagando.
Escrevendo.
Gravado.
"D:\Cecy\STM32\STM32_Aulas_2021_2\Uart_Bootloader_STM32.exe" STM32_Aulas
DiegoASc
COM3
Apagando.
Escrevendo.
Gravado.
Build target 'STM32_Aulas'
compiling Aula_2_Display.c...
compiling Oled_HAL_I2C.c...
..\Src\Oled_HAL_I2C.c(143): error:  #247: function "Oled_Printf" has already been defined
Target not created
Build target 'STM32_Aulas'
compiling Oled_HAL_I2C.c...
linking...
Program Size: Code=8540 RO-data=820 RW-data=24 ZI-data=3240  
FromELF: creating hex file...
"STM32_Aulas\STM32_Aulas.axf" - 0 Error(s), 0 Warning(s).
"D:\Cecy\STM32\STM32_Aulas_2021_2\Uart_Bootloader_STM32.exe" STM32_Aulas
DiegoASc
COM3
Apagando.
Escrevendo.
Gravado.
"D:\Cecy\STM32\STM32_Aulas_2021_2\Uart_Bootloader_STM32.exe" STM32_Aulas
DiegoASc
COM3
Apagando.
Escrevendo.
Gravado.
Build target 'STM32_Aulas'
compiling Oled_HAL_I2C.c...
..\Src\Oled_HAL_I2C.c(141): error:  #20: identifier "oled_init" is undefined
Target not created
Build target 'STM32_Aulas'
compiling Oled_HAL_I2C.c...
linking...
Program Size: Code=8684 RO-data=820 RW-data=24 ZI-data=3240  
FromELF: creating hex file...
"STM32_Aulas\STM32_Aulas.axf" - 0 Error(s), 0 Warning(s).
"D:\Cecy\STM32\STM32_Aulas_2021_2\Uart_Bootloader_STM32.exe" STM32_Aulas
DiegoASc
COM3
Apagando.
Escrevendo.
Gravado.
Build target 'STM32_Aulas'
compiling Oled_HAL_I2C.c...
linking...
Program Size: Code=8688 RO-data=820 RW-data=24 ZI-data=3240  
FromELF: creating hex file...
"STM32_Aulas\STM32_Aulas.axf" - 0 Error(s), 0 Warning(s).
Build target 'STM32_Aulas'
compiling Aula_2_Display.c...
compiling Oled_HAL_I2C.c...
linking...
Program Size: Code=8628 RO-data=820 RW-data=24 ZI-data=3240  
FromELF: creating hex file...
"STM32_Aulas\STM32_Aulas.axf" - 0 Error(s), 0 Warning(s).
"D:\Cecy\STM32\STM32_Aulas_2021_2\Uart_Bootloader_STM32.exe" STM32_Aulas
DiegoASc
COM3
Apagando.
Escrevendo.
Gravado.
"D:\Cecy\STM32\STM32_Aulas_2021_2\Uart_Bootloader_STM32.exe" STM32_Aulas
DiegoASc
COM3
Apagando.
Escrevendo.
Gravado.
Build target 'STM32_Aulas'
compiling Aula_2_Display.c...
..\Src\Aula_2_Display.c(8): error:  #146: too many initializer values
..\Src\Aula_2_Display.c(10): error:  #65: expected a ";"
..\Src\Aula_2_Display.c(20): warning: At end of source:  #12-D: parsing restarts here after previous syntax error
compiling Oled_HAL_I2C.c...
Target not created
Build target 'STM32_Aulas'
compiling Aula_2_Display.c...
..\Src\Aula_2_Display.c(10): error:  #65: expected a ";"
..\Src\Aula_2_Display.c(20): warning: At end of source:  #12-D: parsing restarts here after previous syntax error
Target not created
Build target 'STM32_Aulas'
compiling Aula_2_Display.c...
linking...
Program Size: Code=9552 RO-data=820 RW-data=56 ZI-data=3240  
FromELF: creating hex file...
"STM32_Aulas\STM32_Aulas.axf" - 0 Error(s), 0 Warning(s).
"D:\Cecy\STM32\STM32_Aulas_2021_2\Uart_Bootloader_STM32.exe" STM32_Aulas
DiegoASc
COM3
Apagando.
Escrevendo.
Gravado.
Build target 'STM32_Aulas'
compiling Aula_2_Display.c...
linking...
Program Size: Code=8628 RO-data=820 RW-data=24 ZI-data=3240  
FromELF: creating hex file...
"STM32_Aulas\STM32_Aulas.axf" - 0 Error(s), 0 Warning(s).
"D:\Cecy\STM32\STM32_Aulas_2021_2\Uart_Bootloader_STM32.exe" STM32_Aulas
DiegoASc
COM3
Apagando.
Escrevendo.
Gravado.
"D:\Cecy\STM32\STM32_Aulas_2021_2\Uart_Bootloader_STM32.exe" STM32_Aulas
DiegoASc
COM3
Apagando.
Escrevendo.
Gravado.
"D:\Cecy\STM32\STM32_Aulas_2021_2\Uart_Bootloader_STM32.exe" STM32_Aulas
DiegoASc
COM3
Apagando.
Escrevendo.
Gravado.
"D:\Cecy\STM32\STM32_Aulas_2021_2\Uart_Bootloader_STM32.exe" STM32_Aulas
DiegoASc
COM3
Apagando.
Escrevendo.
Gravado.
Build target 'STM32_Aulas'
compiling Aula_2_Display.c...
linking...
Program Size: Code=9552 RO-data=820 RW-data=56 ZI-data=3240  
FromELF: creating hex file...
"STM32_Aulas\STM32_Aulas.axf" - 0 Error(s), 0 Warning(s).
"D:\Cecy\STM32\STM32_Aulas_2021_2\Uart_Bootloader_STM32.exe" STM32_Aulas
DiegoASc
COM3
Apagando.
Escrevendo.
Gravado.
Build target 'STM32_Aulas'
compiling Aula_2_Display.c...
compiling Oled_HAL_I2C.c...
linking...
Program Size: Code=9552 RO-data=820 RW-data=56 ZI-data=3240  
FromELF: creating hex file...
"STM32_Aulas\STM32_Aulas.axf" - 0 Error(s), 0 Warning(s).
Build target 'STM32_Aulas'
compiling Aula_2_Display.c...
linking...
Program Size: Code=8628 RO-data=820 RW-data=24 ZI-data=3240  
FromELF: creating hex file...
"STM32_Aulas\STM32_Aulas.axf" - 0 Error(s), 0 Warning(s).
Build target 'STM32_Aulas'
linking...
Program Size: Code=8628 RO-data=820 RW-data=24 ZI-data=3240  
FromELF: creating hex file...
"STM32_Aulas\STM32_Aulas.axf" - 0 Error(s), 0 Warning(s).
